
SYMBOLS BY NAME

     800            RAM_Size            
     200            RAM_Start_Address   
    1492 CODE       _I2C_Read           
    139a CODE       _I2C_StartCond      
    13ba CODE       _I2C_Stop           
    1484 CODE       _I2C_Write          
    14c8 CODE       _PWM                
    14a0 CODE       _PWM_Init           
    1522 CODE       _UARTmsgAccueil     
    1504 CODE       _UARTprintTerm      
     200 IDATA0     ___begin_IDATA0     
     206 UDATA0     ___begin_UDATA0     
    24ac CODE       ___debug_catch_me_here
    2986 CODE       ___digit            
    24b4 CODE       ___do_debug_operation
     244 UDATA0     ___end_UDATA0       
    2a5e CODE       ___float32_add      
    2c42 CODE       ___float32_div      
    2d28 CODE       ___float32_eq       
    2d0c CODE       ___float32_lt       
    2b64 CODE       ___float32_mul      
    2b58 CODE       ___float32_sub      
    2dc6 CODE       ___float32_to_int16 
    2e62 CODE       ___float32_to_int64 
    3350 CONST      ___hex_lc           
    3340 CONST      ___hex_uc           
    251c CODE       ___int16_div        
    2542 CODE       ___int16_mod        
    2568 CODE       ___int16_mul        
    2d38 CODE       ___int16_to_float32 
    24f2 CODE       ___int32_mul        
    257c CODE       ___int64_lsl        
    258e CODE       ___int64_lsr        
    2f2c CODE       ___isinf            
    2f2c CODE       ___isinff           
    2f54 CODE       ___isnan            
    2f54 CODE       ___isnanf           
    29f8 CODE       ___pow10            
    2790 CODE       ___strtoul          
    25de CODE       ___uint16_div       
    2d44 CODE       ___uint16_to_float32
    2d4e CODE       ___uint16_to_float32_aux
    25f6 CODE       ___uint32_div       
    2604 CODE       ___uint32_divmod    
    262c CODE       ___uint32_mod       
    263e CODE       ___uint64_div       
    2682 CODE       ___uint64_divmod    
    25a2 CODE       ___uint64_mod       
    2d6e CODE       ___uint64_to_float32
    163c CODE       ___vfprintf         
    272a CODE       _abs                
    29d0 CODE       _atoi               
     200 IDATA0     _consigneInt        
     20c UDATA0     _conversionStr      
     240 UDATA0     _dbgCntrlWord       
     23e UDATA0     _dbgCommWord        
    24d4 CODE       _debug_printf       
     242 UDATA0     _errno              
     202 IDATA0     _flagEcritureTemp   
    2e3e CODE       _frexp              
    144e CODE       _getByte            
    14ce CODE       _initUART           
    2762 CODE       _isdigit            
    274e CODE       _islower            
    2776 CODE       _isspace            
    273a CODE       _isupper            
    2e02 CODE       _ldexp              
    1100 CODE       _main               
    26ce CODE       _memcpy             
    26de CODE       _memset             
    1436 CODE       _readBite           
    12c8 CODE       _readTmp            
    13dc CODE       _receive_ack        
    13f4 CODE       _sendAddr           
    13c8 CODE       _send_ack           
    26ee CODE       _sprintf            
    26be CODE       _strlen             
    28c6 CODE       _strtol             
     208 UDATA0     _temp               
    11aa CODE       _usart0_rx          


SYMBOLS BY VALUE

     200            RAM_Start_Address   
     200 IDATA0     ___begin_IDATA0     
     200 IDATA0     _consigneInt        
     202 IDATA0     _flagEcritureTemp   
     206 UDATA0     ___begin_UDATA0     
     208 UDATA0     _temp               
     20c UDATA0     _conversionStr      
     23e UDATA0     _dbgCommWord        
     240 UDATA0     _dbgCntrlWord       
     242 UDATA0     _errno              
     244 UDATA0     ___end_UDATA0       
     800            RAM_Size            
    1100 CODE       _main               
    11aa CODE       _usart0_rx          
    12c8 CODE       _readTmp            
    139a CODE       _I2C_StartCond      
    13ba CODE       _I2C_Stop           
    13c8 CODE       _send_ack           
    13dc CODE       _receive_ack        
    13f4 CODE       _sendAddr           
    1436 CODE       _readBite           
    144e CODE       _getByte            
    1484 CODE       _I2C_Write          
    1492 CODE       _I2C_Read           
    14a0 CODE       _PWM_Init           
    14c8 CODE       _PWM                
    14ce CODE       _initUART           
    1504 CODE       _UARTprintTerm      
    1522 CODE       _UARTmsgAccueil     
    163c CODE       ___vfprintf         
    24ac CODE       ___debug_catch_me_here
    24b4 CODE       ___do_debug_operation
    24d4 CODE       _debug_printf       
    24f2 CODE       ___int32_mul        
    251c CODE       ___int16_div        
    2542 CODE       ___int16_mod        
    2568 CODE       ___int16_mul        
    257c CODE       ___int64_lsl        
    258e CODE       ___int64_lsr        
    25a2 CODE       ___uint64_mod       
    25de CODE       ___uint16_div       
    25f6 CODE       ___uint32_div       
    2604 CODE       ___uint32_divmod    
    262c CODE       ___uint32_mod       
    263e CODE       ___uint64_div       
    2682 CODE       ___uint64_divmod    
    26be CODE       _strlen             
    26ce CODE       _memcpy             
    26de CODE       _memset             
    26ee CODE       _sprintf            
    272a CODE       _abs                
    273a CODE       _isupper            
    274e CODE       _islower            
    2762 CODE       _isdigit            
    2776 CODE       _isspace            
    2790 CODE       ___strtoul          
    28c6 CODE       _strtol             
    2986 CODE       ___digit            
    29d0 CODE       _atoi               
    29f8 CODE       ___pow10            
    2a5e CODE       ___float32_add      
    2b58 CODE       ___float32_sub      
    2b64 CODE       ___float32_mul      
    2c42 CODE       ___float32_div      
    2d0c CODE       ___float32_lt       
    2d28 CODE       ___float32_eq       
    2d38 CODE       ___int16_to_float32 
    2d44 CODE       ___uint16_to_float32
    2d4e CODE       ___uint16_to_float32_aux
    2d6e CODE       ___uint64_to_float32
    2dc6 CODE       ___float32_to_int16 
    2e02 CODE       _ldexp              
    2e3e CODE       _frexp              
    2e62 CODE       ___float32_to_int64 
    2f2c CODE       ___isinf            
    2f2c CODE       ___isinff           
    2f54 CODE       ___isnan            
    2f54 CODE       ___isnanf           
    3340 CONST      ___hex_uc           
    3350 CONST      ___hex_lc           
