
SYMBOLS BY NAME

     800            RAM_Size            
     200            RAM_Start_Address   
    1440 CODE       _I2C_Read           
    1348 CODE       _I2C_StartCond      
    1368 CODE       _I2C_Stop           
    1432 CODE       _I2C_Write          
    144e CODE       _PWM_Init           
    14ba CODE       _REG_Consigne       
    1498 CODE       _REG_OnOff          
    1476 CODE       _REG_PidClear       
    16a8 CODE       _UARTmsgAccueil     
    168a CODE       _UARTprintTerm      
     200 IDATA0     ___begin_IDATA0     
     206 UDATA0     ___begin_UDATA0     
    2ac6 CODE       ___digit            
     256 UDATA0     ___end_UDATA0       
    2b9e CODE       ___float32_add      
    2d82 CODE       ___float32_div      
    2e68 CODE       ___float32_eq       
    2e4c CODE       ___float32_lt       
    2ca4 CODE       ___float32_mul      
    2c98 CODE       ___float32_sub      
    2f06 CODE       ___float32_to_int16 
    2fa8 CODE       ___float32_to_int64 
    3492 CONST      ___hex_lc           
    3482 CONST      ___hex_uc           
    265c CODE       ___int16_div        
    2682 CODE       ___int16_mod        
    26a8 CODE       ___int16_mul        
    2e78 CODE       ___int16_to_float32 
    2632 CODE       ___int32_mul        
    26bc CODE       ___int64_lsl        
    26ce CODE       ___int64_lsr        
    3072 CODE       ___isinf            
    3072 CODE       ___isinff           
    309a CODE       ___isnan            
    309a CODE       ___isnanf           
    2b38 CODE       ___pow10            
    28d0 CODE       ___strtoul          
    271e CODE       ___uint16_div       
    2e84 CODE       ___uint16_to_float32
    2e8e CODE       ___uint16_to_float32_aux
    2736 CODE       ___uint32_div       
    2744 CODE       ___uint32_divmod    
    276c CODE       ___uint32_mod       
    277e CODE       ___uint64_div       
    27c2 CODE       ___uint64_divmod    
    26e2 CODE       ___uint64_mod       
    2eae CODE       ___uint64_to_float32
    17c2 CODE       ___vfprintf         
    286a CODE       _abs                
    2b10 CODE       _atoi               
     200 IDATA0     _consigneInt        
     20c UDATA0     _conversionStr      
     246 UDATA0     _dt                 
     23e UDATA0     _erreur             
     254 UDATA0     _errno              
    2fa2 CODE       _fabs               
     202 IDATA0     _flagEcritureTemp   
    2f7e CODE       _frexp              
    13fc CODE       _getByte            
    1654 CODE       _initUART           
     24a UDATA0     _integrale          
    28a2 CODE       _isdigit            
    288e CODE       _islower            
    28b6 CODE       _isspace            
    287a CODE       _isupper            
    2f42 CODE       _ldexp              
    1100 CODE       _main               
     252 UDATA0     _marche             
    280e CODE       _memcpy             
    281e CODE       _memset             
     24e UDATA0     _prev_erreur        
     242 UDATA0     _prev_temp          
    13e4 CODE       _readBite           
    1282 CODE       _readTmp            
    138a CODE       _receive_ack        
    14ec CODE       _regulation         
    13a2 CODE       _sendAddr           
    1376 CODE       _send_ack           
    282e CODE       _sprintf            
    27fe CODE       _strlen             
    2a06 CODE       _strtol             
     208 UDATA0     _temp               
    1164 CODE       _usart0_rx          


SYMBOLS BY VALUE

     200            RAM_Start_Address   
     200 IDATA0     _consigneInt        
     200 IDATA0     ___begin_IDATA0     
     202 IDATA0     _flagEcritureTemp   
     206 UDATA0     ___begin_UDATA0     
     208 UDATA0     _temp               
     20c UDATA0     _conversionStr      
     23e UDATA0     _erreur             
     242 UDATA0     _prev_temp          
     246 UDATA0     _dt                 
     24a UDATA0     _integrale          
     24e UDATA0     _prev_erreur        
     252 UDATA0     _marche             
     254 UDATA0     _errno              
     256 UDATA0     ___end_UDATA0       
     800            RAM_Size            
    1100 CODE       _main               
    1164 CODE       _usart0_rx          
    1282 CODE       _readTmp            
    1348 CODE       _I2C_StartCond      
    1368 CODE       _I2C_Stop           
    1376 CODE       _send_ack           
    138a CODE       _receive_ack        
    13a2 CODE       _sendAddr           
    13e4 CODE       _readBite           
    13fc CODE       _getByte            
    1432 CODE       _I2C_Write          
    1440 CODE       _I2C_Read           
    144e CODE       _PWM_Init           
    1476 CODE       _REG_PidClear       
    1498 CODE       _REG_OnOff          
    14ba CODE       _REG_Consigne       
    14ec CODE       _regulation         
    1654 CODE       _initUART           
    168a CODE       _UARTprintTerm      
    16a8 CODE       _UARTmsgAccueil     
    17c2 CODE       ___vfprintf         
    2632 CODE       ___int32_mul        
    265c CODE       ___int16_div        
    2682 CODE       ___int16_mod        
    26a8 CODE       ___int16_mul        
    26bc CODE       ___int64_lsl        
    26ce CODE       ___int64_lsr        
    26e2 CODE       ___uint64_mod       
    271e CODE       ___uint16_div       
    2736 CODE       ___uint32_div       
    2744 CODE       ___uint32_divmod    
    276c CODE       ___uint32_mod       
    277e CODE       ___uint64_div       
    27c2 CODE       ___uint64_divmod    
    27fe CODE       _strlen             
    280e CODE       _memcpy             
    281e CODE       _memset             
    282e CODE       _sprintf            
    286a CODE       _abs                
    287a CODE       _isupper            
    288e CODE       _islower            
    28a2 CODE       _isdigit            
    28b6 CODE       _isspace            
    28d0 CODE       ___strtoul          
    2a06 CODE       _strtol             
    2ac6 CODE       ___digit            
    2b10 CODE       _atoi               
    2b38 CODE       ___pow10            
    2b9e CODE       ___float32_add      
    2c98 CODE       ___float32_sub      
    2ca4 CODE       ___float32_mul      
    2d82 CODE       ___float32_div      
    2e4c CODE       ___float32_lt       
    2e68 CODE       ___float32_eq       
    2e78 CODE       ___int16_to_float32 
    2e84 CODE       ___uint16_to_float32
    2e8e CODE       ___uint16_to_float32_aux
    2eae CODE       ___uint64_to_float32
    2f06 CODE       ___float32_to_int16 
    2f42 CODE       _ldexp              
    2f7e CODE       _frexp              
    2fa2 CODE       _fabs               
    2fa8 CODE       ___float32_to_int64 
    3072 CODE       ___isinff           
    3072 CODE       ___isinf            
    309a CODE       ___isnanf           
    309a CODE       ___isnan            
    3482 CONST      ___hex_uc           
    3492 CONST      ___hex_lc           
